// Jest Snapshot v1, https://goo.gl/fbAQLP

exports[`testing a list of objects inside of an array has not been changed 1`] = `
Array [
  Object {
    "desc": "A hat that reminds you of childhood",
    "id": 1,
    "name": "hat",
    "size": "large",
  },
  Object {
    "desc": "Looks like this coat is back in fashion",
    "id": 2,
    "name": "coat",
    "size": "small",
  },
  Object {
    "desc": "Tough but elegant",
    "id": 3,
    "name": "boots",
    "size": "medium",
  },
  Object {
    "desc": "Connects to my phone",
    "id": 4,
    "name": "watch",
    "size": "medium",
  },
]
`;
